###############################################################################
#
# IAR ELF Linker V8.20.1.14183/W32 for ARM                07/Dec/2017  15:20:38
# Copyright 2007-2017 IAR Systems AB.
#
#    Output file  =  
#        C:\Users\DELL\Documents\CoretexSource\Source\DAC_1\EWARMv5\Debug\Exe\Project.out
#    Map file     =  
#        C:\Users\DELL\Documents\CoretexSource\Source\DAC_1\EWARMv5\Debug\List\Project.map
#    Command line =  
#        -f C:\Users\DELL\AppData\Local\Temp\EWCE95.tmp
#        (C:\Users\DELL\Documents\CoretexSource\Source\DAC_1\EWARMv5\Debug\Obj\at24c02.o
#        C:\Users\DELL\Documents\CoretexSource\Source\DAC_1\EWARMv5\Debug\Obj\cortexm3_macro.o
#        C:\Users\DELL\Documents\CoretexSource\Source\DAC_1\EWARMv5\Debug\Obj\iic.o
#        C:\Users\DELL\Documents\CoretexSource\Source\DAC_1\EWARMv5\Debug\Obj\lcd12864.o
#        C:\Users\DELL\Documents\CoretexSource\Source\DAC_1\EWARMv5\Debug\Obj\main.o
#        C:\Users\DELL\Documents\CoretexSource\Source\DAC_1\EWARMv5\Debug\Obj\stm32f10x_adc.o
#        C:\Users\DELL\Documents\CoretexSource\Source\DAC_1\EWARMv5\Debug\Obj\stm32f10x_bkp.o
#        C:\Users\DELL\Documents\CoretexSource\Source\DAC_1\EWARMv5\Debug\Obj\stm32f10x_dac.o
#        C:\Users\DELL\Documents\CoretexSource\Source\DAC_1\EWARMv5\Debug\Obj\stm32f10x_dma.o
#        C:\Users\DELL\Documents\CoretexSource\Source\DAC_1\EWARMv5\Debug\Obj\stm32f10x_flash.o
#        C:\Users\DELL\Documents\CoretexSource\Source\DAC_1\EWARMv5\Debug\Obj\stm32f10x_gpio.o
#        C:\Users\DELL\Documents\CoretexSource\Source\DAC_1\EWARMv5\Debug\Obj\stm32f10x_i2c.o
#        C:\Users\DELL\Documents\CoretexSource\Source\DAC_1\EWARMv5\Debug\Obj\stm32f10x_it.o
#        C:\Users\DELL\Documents\CoretexSource\Source\DAC_1\EWARMv5\Debug\Obj\stm32f10x_lib.o
#        C:\Users\DELL\Documents\CoretexSource\Source\DAC_1\EWARMv5\Debug\Obj\stm32f10x_nvic.o
#        C:\Users\DELL\Documents\CoretexSource\Source\DAC_1\EWARMv5\Debug\Obj\stm32f10x_pwr.o
#        C:\Users\DELL\Documents\CoretexSource\Source\DAC_1\EWARMv5\Debug\Obj\stm32f10x_rcc.o
#        C:\Users\DELL\Documents\CoretexSource\Source\DAC_1\EWARMv5\Debug\Obj\stm32f10x_rtc.o
#        C:\Users\DELL\Documents\CoretexSource\Source\DAC_1\EWARMv5\Debug\Obj\stm32f10x_spi.o
#        C:\Users\DELL\Documents\CoretexSource\Source\DAC_1\EWARMv5\Debug\Obj\stm32f10x_systick.o
#        C:\Users\DELL\Documents\CoretexSource\Source\DAC_1\EWARMv5\Debug\Obj\stm32f10x_tim.o
#        C:\Users\DELL\Documents\CoretexSource\Source\DAC_1\EWARMv5\Debug\Obj\stm32f10x_usart.o
#        C:\Users\DELL\Documents\CoretexSource\Source\DAC_1\EWARMv5\Debug\Obj\stm32f10x_vector.o
#        --redirect _Printf=_PrintfFull --redirect _Scanf=_ScanfFull -o
#        C:\Users\DELL\Documents\CoretexSource\Source\DAC_1\EWARMv5\Debug\Exe\Project.out
#        --map
#        C:\Users\DELL\Documents\CoretexSource\Source\DAC_1\EWARMv5\Debug\List\Project.map
#        --config
#        C:\Users\DELL\Documents\CoretexSource\Source\DAC_1\EWARMv5\stm32f10x_flash.icf
#        --semihosting --entry __iar_program_start --vfe --text_out locale)
#
###############################################################################

*******************************************************************************
*** RUNTIME MODEL ATTRIBUTES
***

CppFlavor       = *
__SystemLibrary = DLib
__dlib_version  = 6


*******************************************************************************
*** HEAP SELECTION
***

The basic heap was selected because some modules are built with
size limitations (and not runtime checking), and --advanced_heap
was not specified.


*******************************************************************************
*** PLACEMENT SUMMARY
***

"A0":  place at 0x08000000 { ro section .intvec };
"P1":  place in [from 0x08000000 to 0x0807ffff] { ro };
define block CSTACK with size = 12K, alignment = 8 { };
define block HEAP with size = 4K, alignment = 8 { };
"P2":  place in [from 0x20000000 to 0x2000ffff] {
          rw, block CSTACK, block HEAP };

  Section          Kind        Address    Size  Object
  -------          ----        -------    ----  ------
"A0":                                    0x130
  .intvec          const    0x08000000   0x130  stm32f10x_vector.o [1]
                          - 0x08000130   0x130

"P1":                                   0x15e4
  .text            ro code  0x08000130   0x530  main.o [1]
  .text            ro code  0x08000660   0x204  stm32f10x_rcc.o [1]
  .text            ro code  0x08000864   0x46c  lcd12864.o [1]
  .text            ro code  0x08000cd0    0xd2  stm32f10x_gpio.o [1]
  .text            ro code  0x08000da4   0x152  stm32f10x_usart.o [1]
  .text            ro code  0x08000ef8    0xa8  stm32f10x_nvic.o [1]
  .text            ro code  0x08000fa0    0x86  stm32f10x_tim.o [1]
  .text            ro code  0x08001028    0x48  stm32f10x_dac.o [1]
  .text            ro code  0x08001070   0x130  stm32f10x_adc.o [1]
  .text            ro code  0x080011a0   0x164  stm32f10x_dma.o [1]
  .text            ro code  0x08001304    0x2c  stm32f10x_flash.o [1]
  .text            ro code  0x08001330   0x29a  stm32f10x_it.o [1]
  .text            ro code  0x080015cc    0x7a  cortexm3_macro.o [1]
  .text            ro code  0x08001646    0x40  zero_init3.o [4]
  .text            ro code  0x08001688    0x28  data_init.o [4]
  .iar.init_table  const    0x080016b0    0x10  - Linker created -
  .text            ro code  0x080016c0    0x1e  cmain.o [4]
  .text            ro code  0x080016de     0x4  low_level_init.o [3]
  .text            ro code  0x080016e2     0x4  exit.o [3]
  .text            ro code  0x080016e8     0xa  cexit.o [4]
  .text            ro code  0x080016f4    0x14  exit.o [5]
  .text            ro code  0x08001708     0xc  cstartup_M.o [4]
  .rodata          const    0x08001714     0x0  zero_init3.o [4]
                          - 0x08001714  0x15e4

"P2", part 1 of 2:                        0x44
  .bss             zero     0x20000000    0x38  stm32f10x_it.o [1]
  .bss             zero     0x20000038     0x4  main.o [1]
  .bss             zero     0x2000003c     0x2  main.o [1]
  .bss             zero     0x2000003e     0x2  stm32f10x_it.o [1]
  .bss             zero     0x20000040     0x2  stm32f10x_it.o [1]
  .bss             zero     0x20000042     0x1  main.o [1]
                          - 0x20000043    0x43

"P2", part 2 of 2:                      0x3000
  CSTACK                    0x20000048  0x3000  <Block>
    CSTACK         uninit   0x20000048  0x3000  <Block tail>
                          - 0x20003048  0x3000


*******************************************************************************
*** INIT TABLE
***

          Address     Size
          -------     ----
Zero (__iar_zero_init3)
    1 destination range, total size 0x43:
          0x20000000  0x43



*******************************************************************************
*** MODULE SUMMARY
***

    Module              ro code  ro data  rw data
    ------              -------  -------  -------
C:\Users\DELL\Documents\CoretexSource\Source\DAC_1\EWARMv5\Debug\Obj: [1]
    cortexm3_macro.o        122
    lcd12864.o            1 132
    main.o                1 328                 7
    stm32f10x_adc.o         304
    stm32f10x_dac.o          72
    stm32f10x_dma.o         356
    stm32f10x_flash.o        44
    stm32f10x_gpio.o        210
    stm32f10x_it.o          666                60
    stm32f10x_nvic.o        168
    stm32f10x_rcc.o         516
    stm32f10x_tim.o         134
    stm32f10x_usart.o       338
    stm32f10x_vector.o               304
    ---------------------------------------------
    Total:                5 390      304       67

command line: [2]
    ---------------------------------------------
    Total:

dl7M_tlf.a: [3]
    exit.o                    4
    low_level_init.o          4
    ---------------------------------------------
    Total:                    8

rt7M_tl.a: [4]
    cexit.o                  10
    cmain.o                  30
    cstartup_M.o             12
    data_init.o              40
    zero_init3.o             64
    ---------------------------------------------
    Total:                  156

shb_l.a: [5]
    exit.o                   20
    ---------------------------------------------
    Total:                   20

    Gaps                     14
    Linker created                    16   12 288
-------------------------------------------------
    Grand Total:          5 588      320   12 355


*******************************************************************************
*** ENTRY LIST
***

Entry                      Address   Size  Type      Object
-----                      -------   ----  ----      ------
.iar.init_table$$Base   0x080016b0          --   Gb  - Linker created -
.iar.init_table$$Limit  0x080016c0          --   Gb  - Linker created -
?main                   0x080016c1         Code  Gb  cmain.o [4]
ADC1_2_IRQHandler       0x08001589    0x2  Code  Gb  stm32f10x_it.o [1]
ADC3_IRQHandler         0x080015b7    0x2  Code  Gb  stm32f10x_it.o [1]
ADCConvertedValue       0x2000003c    0x2  Data  Gb  main.o [1]
ADCPrescTable           0x08000860    0x4  Data  Lc  stm32f10x_rcc.o [1]
ADC_Cmd                 0x080010ad   0x12  Code  Gb  stm32f10x_adc.o [1]
ADC_Configuration       0x080004b9   0x72  Code  Gb  main.o [1]
ADC_DMACmd              0x080010bf   0x12  Code  Gb  stm32f10x_adc.o [1]
ADC_GetCalibrationStatus
                        0x080010ef    0xa  Code  Gb  stm32f10x_adc.o [1]
ADC_GetResetCalibrationStatus
                        0x080010db    0xa  Code  Gb  stm32f10x_adc.o [1]
ADC_Init                0x08001071   0x3c  Code  Gb  stm32f10x_adc.o [1]
ADC_RegularChannelConfig
                        0x0800110b   0x8c  Code  Gb  stm32f10x_adc.o [1]
ADC_ResetCalibration    0x080010d1    0xa  Code  Gb  stm32f10x_adc.o [1]
ADC_SoftwareStartConvCmd
                        0x080010f9   0x12  Code  Gb  stm32f10x_adc.o [1]
ADC_StartCalibration    0x080010e5    0xa  Code  Gb  stm32f10x_adc.o [1]
APBAHBPrescTable        0x08000850   0x10  Data  Lc  stm32f10x_rcc.o [1]
A_V                     0x2000003a    0x2  Data  Gb  main.o [1]
Buffer_USART1           0x20000004   0x34  Data  Gb  stm32f10x_it.o [1]
BusFaultException       0x08001401    0x2  Code  Gb  stm32f10x_it.o [1]
CAN_RX1_IRQHandler      0x0800158f    0x2  Code  Gb  stm32f10x_it.o [1]
CAN_SCE_IRQHandler      0x08001591    0x2  Code  Gb  stm32f10x_it.o [1]
CSTACK$$Base            0x20000048          --   Gb  - Linker created -
CSTACK$$Limit           0x20003048          --   Gb  - Linker created -
DAC_Cmd                 0x08001051   0x1c  Code  Gb  stm32f10x_dac.o [1]
DAC_Configuration       0x08000477   0x42  Code  Gb  main.o [1]
DAC_Init                0x08001029   0x28  Code  Gb  stm32f10x_dac.o [1]
DMA1_Channel1_IRQHandler
                        0x080013eb    0xe  Code  Gb  stm32f10x_it.o [1]
DMA1_Channel2_IRQHandler
                        0x0800157d    0x2  Code  Gb  stm32f10x_it.o [1]
DMA1_Channel3_IRQHandler
                        0x0800157f    0x2  Code  Gb  stm32f10x_it.o [1]
DMA1_Channel4_IRQHandler
                        0x08001581    0x2  Code  Gb  stm32f10x_it.o [1]
DMA1_Channel5_IRQHandler
                        0x08001583    0x2  Code  Gb  stm32f10x_it.o [1]
DMA1_Channel6_IRQHandler
                        0x08001585    0x2  Code  Gb  stm32f10x_it.o [1]
DMA1_Channel7_IRQHandler
                        0x08001587    0x2  Code  Gb  stm32f10x_it.o [1]
DMA1_Configuration      0x0800052b   0x58  Code  Gb  main.o [1]
DMA2_Channel1_IRQHandler
                        0x080015c3    0x2  Code  Gb  stm32f10x_it.o [1]
DMA2_Channel2_IRQHandler
                        0x080015c5    0x2  Code  Gb  stm32f10x_it.o [1]
DMA2_Channel3_IRQHandler
                        0x080015c7    0x2  Code  Gb  stm32f10x_it.o [1]
DMA2_Channel4_5_IRQHandler
                        0x080015c9    0x2  Code  Gb  stm32f10x_it.o [1]
DMA_ClearITPendingBit   0x080012eb   0x10  Code  Gb  stm32f10x_dma.o [1]
DMA_Cmd                 0x080012c5   0x16  Code  Gb  stm32f10x_dma.o [1]
DMA_DeInit              0x080011a1   0xee  Code  Gb  stm32f10x_dma.o [1]
DMA_ITConfig            0x080012db   0x10  Code  Gb  stm32f10x_dma.o [1]
DMA_Init                0x0800128f   0x36  Code  Gb  stm32f10x_dma.o [1]
DebugMonitor            0x08001405    0x2  Code  Gb  stm32f10x_it.o [1]
EXTI0_IRQHandler        0x08001417  0x134  Code  Gb  stm32f10x_it.o [1]
EXTI15_10_IRQHandler    0x080015a9    0x2  Code  Gb  stm32f10x_it.o [1]
EXTI1_IRQHandler        0x08001575    0x2  Code  Gb  stm32f10x_it.o [1]
EXTI2_IRQHandler        0x08001577    0x2  Code  Gb  stm32f10x_it.o [1]
EXTI3_IRQHandler        0x08001579    0x2  Code  Gb  stm32f10x_it.o [1]
EXTI4_IRQHandler        0x0800157b    0x2  Code  Gb  stm32f10x_it.o [1]
EXTI9_5_IRQHandler      0x08001593    0x2  Code  Gb  stm32f10x_it.o [1]
FLASH_IRQHandler        0x08001413    0x2  Code  Gb  stm32f10x_it.o [1]
FLASH_PrefetchBufferCmd
                        0x08001319   0x14  Code  Gb  stm32f10x_flash.o [1]
FLASH_SetLatency        0x08001305   0x14  Code  Gb  stm32f10x_flash.o [1]
FSMC_IRQHandler         0x080015b9    0x2  Code  Gb  stm32f10x_it.o [1]
GPIO_Configuration      0x0800032f   0xd6  Code  Gb  main.o [1]
GPIO_Init               0x08000cd1   0xbc  Code  Gb  stm32f10x_gpio.o [1]
GPIO_ReadInputDataBit   0x08000d8d    0xe  Code  Gb  stm32f10x_gpio.o [1]
GPIO_ResetBits          0x08000d9f    0x4  Code  Gb  stm32f10x_gpio.o [1]
GPIO_SetBits            0x08000d9b    0x4  Code  Gb  stm32f10x_gpio.o [1]
HardFaultException      0x080013fd    0x2  Code  Gb  stm32f10x_it.o [1]
I2C1_ER_IRQHandler      0x080015a1    0x2  Code  Gb  stm32f10x_it.o [1]
I2C1_EV_IRQHandler      0x0800159f    0x2  Code  Gb  stm32f10x_it.o [1]
I2C2_ER_IRQHandler      0x080015a5    0x2  Code  Gb  stm32f10x_it.o [1]
I2C2_EV_IRQHandler      0x080015a3    0x2  Code  Gb  stm32f10x_it.o [1]
LCD_Init0               0x08000865   0xea  Code  Gb  lcd12864.o [1]
LCD_Init1               0x0800094f   0xe4  Code  Gb  lcd12864.o [1]
MemManageException      0x080013ff    0x2  Code  Gb  stm32f10x_it.o [1]
NMIException            0x080013fb    0x2  Code  Gb  stm32f10x_it.o [1]
NVIC_Configuration      0x080005b5   0x2e  Code  Gb  main.o [1]
NVIC_Init               0x08000ef9   0x82  Code  Gb  stm32f10x_nvic.o [1]
NVIC_SetVectorTable     0x08000f7b    0xc  Code  Gb  stm32f10x_nvic.o [1]
Num                     0x20000042    0x1  Data  Gb  main.o [1]
PVD_IRQHandler          0x0800140f    0x2  Code  Gb  stm32f10x_it.o [1]
PendSVC                 0x08001409    0x2  Code  Gb  stm32f10x_it.o [1]
RCC_AHBPeriphClockCmd   0x080007d1   0x12  Code  Gb  stm32f10x_rcc.o [1]
RCC_APB1PeriphClockCmd  0x080007f5   0x12  Code  Gb  stm32f10x_rcc.o [1]
RCC_APB2PeriphClockCmd  0x080007e3   0x12  Code  Gb  stm32f10x_rcc.o [1]
RCC_Configuration       0x080005e5   0x68  Code  Gb  main.o [1]
RCC_DeInit              0x08000661   0x30  Code  Gb  stm32f10x_rcc.o [1]
RCC_GetClocksFreq       0x08000747   0x8a  Code  Gb  stm32f10x_rcc.o [1]
RCC_GetFlagStatus       0x08000807   0x22  Code  Gb  stm32f10x_rcc.o [1]
RCC_GetSYSCLKSource     0x08000711    0xa  Code  Gb  stm32f10x_rcc.o [1]
RCC_HCLKConfig          0x0800071b    0xe  Code  Gb  stm32f10x_rcc.o [1]
RCC_HSEConfig           0x08000691   0x34  Code  Gb  stm32f10x_rcc.o [1]
RCC_IRQHandler          0x08001415    0x2  Code  Gb  stm32f10x_it.o [1]
RCC_PCLK1Config         0x08000729    0xe  Code  Gb  stm32f10x_rcc.o [1]
RCC_PCLK2Config         0x08000737   0x10  Code  Gb  stm32f10x_rcc.o [1]
RCC_PLLCmd              0x080006fd    0x6  Code  Gb  stm32f10x_rcc.o [1]
RCC_PLLConfig           0x080006ed   0x10  Code  Gb  stm32f10x_rcc.o [1]
RCC_SYSCLKConfig        0x08000703    0xe  Code  Gb  stm32f10x_rcc.o [1]
RCC_WaitForHSEStartUp   0x080006c5   0x28  Code  Gb  stm32f10x_rcc.o [1]
RTCAlarm_IRQHandler     0x080015ab    0x2  Code  Gb  stm32f10x_it.o [1]
RTC_IRQHandler          0x080013f9    0x2  Code  Gb  stm32f10x_it.o [1]
Region$$Table$$Base     0x080016b0          --   Gb  - Linker created -
Region$$Table$$Limit    0x080016c0          --   Gb  - Linker created -
SDIO_IRQHandler         0x080013e9    0x2  Code  Gb  stm32f10x_it.o [1]
SPI1_IRQHandler         0x080015a7    0x2  Code  Gb  stm32f10x_it.o [1]
SPI2_IRQHandler         0x080013e7    0x2  Code  Gb  stm32f10x_it.o [1]
SPI3_IRQHandler         0x080015bd    0x2  Code  Gb  stm32f10x_it.o [1]
SVCHandler              0x08001407    0x2  Code  Gb  stm32f10x_it.o [1]
Servo_Zero              0x20000038    0x1  Data  Gb  main.o [1]
Set_Draw                0x08000a95   0x36  Code  Gb  lcd12864.o [1]
SysTickHandler          0x0800140b    0x2  Code  Gb  stm32f10x_it.o [1]
TAMPER_IRQHandler       0x08001411    0x2  Code  Gb  stm32f10x_it.o [1]
TIM1_BRK_IRQHandler     0x08001595    0x2  Code  Gb  stm32f10x_it.o [1]
TIM1_CC_IRQHandler      0x0800159b    0x2  Code  Gb  stm32f10x_it.o [1]
TIM1_TRG_COM_IRQHandler
                        0x08001599    0x2  Code  Gb  stm32f10x_it.o [1]
TIM1_UP_IRQHandler      0x08001597    0x2  Code  Gb  stm32f10x_it.o [1]
TIM2_IRQHandler         0x08001331   0x48  Code  Gb  stm32f10x_it.o [1]
TIM3_IRQHandler         0x08001379    0xa  Code  Gb  stm32f10x_it.o [1]
TIM4_IRQHandler         0x0800159d    0x2  Code  Gb  stm32f10x_it.o [1]
TIM5_IRQHandler         0x080015bb    0x2  Code  Gb  stm32f10x_it.o [1]
TIM6_IRQHandler         0x080015bf    0x2  Code  Gb  stm32f10x_it.o [1]
TIM7_IRQHandler         0x080015c1    0x2  Code  Gb  stm32f10x_it.o [1]
TIM8_BRK_IRQHandler     0x080015af    0x2  Code  Gb  stm32f10x_it.o [1]
TIM8_CC_IRQHandler      0x080015b5    0x2  Code  Gb  stm32f10x_it.o [1]
TIM8_TRG_COM_IRQHandler
                        0x080015b3    0x2  Code  Gb  stm32f10x_it.o [1]
TIM8_UP_IRQHandler      0x080015b1    0x2  Code  Gb  stm32f10x_it.o [1]
TIM_ARRPreloadConfig    0x08001009   0x18  Code  Gb  stm32f10x_tim.o [1]
TIM_ClearITPendingBit   0x08001021    0x6  Code  Gb  stm32f10x_tim.o [1]
TIM_Cmd                 0x08000fe1   0x18  Code  Gb  stm32f10x_tim.o [1]
TIM_ITConfig            0x08000ff9   0x10  Code  Gb  stm32f10x_tim.o [1]
TIM_TimeBaseInit        0x08000fa1   0x36  Code  Gb  stm32f10x_tim.o [1]
Timer2_Init             0x08000279   0x6e  Code  Gb  main.o [1]
Timer2_cnt1             0x2000003e    0x2  Data  Gb  stm32f10x_it.o [1]
UART4_IRQHandler        0x080013e3    0x2  Code  Gb  stm32f10x_it.o [1]
UART5_IRQHandler        0x080013e5    0x2  Code  Gb  stm32f10x_it.o [1]
USART1_Configuration    0x08000405   0x72  Code  Gb  main.o [1]
USART1_IRQHandler       0x08001383   0x5c  Code  Gb  stm32f10x_it.o [1]
USART1_IRQHandler::usart1_chk
                        0x20000002    0x1  Data  Lc  stm32f10x_it.o [1]
USART1_SEND             0x080002ed   0x1a  Code  Gb  main.o [1]
USART1_len              0x20000001    0x1  Data  Gb  stm32f10x_it.o [1]
USART1_rx_end           0x20000000    0x1  Data  Gb  stm32f10x_it.o [1]
USART2_IRQHandler       0x080013df    0x2  Code  Gb  stm32f10x_it.o [1]
USART3_IRQHandler       0x080013e1    0x2  Code  Gb  stm32f10x_it.o [1]
USART_ClearITPendingBit
                        0x08000ee7   0x10  Code  Gb  stm32f10x_usart.o [1]
USART_ClockInit         0x08000e25   0x1c  Code  Gb  stm32f10x_usart.o [1]
USART_Cmd               0x08000e41   0x18  Code  Gb  stm32f10x_usart.o [1]
USART_GetFlagStatus     0x08000e9d    0xe  Code  Gb  stm32f10x_usart.o [1]
USART_GetITStatus       0x08000eab   0x3c  Code  Gb  stm32f10x_usart.o [1]
USART_ITConfig          0x08000e59   0x34  Code  Gb  stm32f10x_usart.o [1]
USART_Init              0x08000da5   0x7a  Code  Gb  stm32f10x_usart.o [1]
USART_ReceiveData       0x08000e95    0x8  Code  Gb  stm32f10x_usart.o [1]
USART_SendData          0x08000e8d    0x8  Code  Gb  stm32f10x_usart.o [1]
USBWakeUp_IRQHandler    0x080015ad    0x2  Code  Gb  stm32f10x_it.o [1]
USB_HP_CAN_TX_IRQHandler
                        0x0800158b    0x2  Code  Gb  stm32f10x_it.o [1]
USB_LP_CAN_RX0_IRQHandler
                        0x0800158d    0x2  Code  Gb  stm32f10x_it.o [1]
UsageFaultException     0x08001403    0x2  Code  Gb  stm32f10x_it.o [1]
WWDG_IRQHandler         0x0800140d    0x2  Code  Gb  stm32f10x_it.o [1]
Write_8bits             0x08000a35   0x5a  Code  Gb  lcd12864.o [1]
__BASEPRICONFIG         0x08001633         Code  Gb  cortexm3_macro.o [1]
__DMB                   0x080015e5         Code  Gb  cortexm3_macro.o [1]
__DSB                   0x080015df         Code  Gb  cortexm3_macro.o [1]
__GetBASEPRI            0x08001639         Code  Gb  cortexm3_macro.o [1]
__ISB                   0x080015d9         Code  Gb  cortexm3_macro.o [1]
__MRS_CONTROL           0x080015ef         Code  Gb  cortexm3_macro.o [1]
__MRS_MSP               0x0800160b         Code  Gb  cortexm3_macro.o [1]
__MRS_PSP               0x080015ff         Code  Gb  cortexm3_macro.o [1]
__MSR_CONTROL           0x080015f5         Code  Gb  cortexm3_macro.o [1]
__MSR_MSP               0x08001611         Code  Gb  cortexm3_macro.o [1]
__MSR_PSP               0x08001605         Code  Gb  cortexm3_macro.o [1]
__READ_FAULTMASK        0x0800162d         Code  Gb  cortexm3_macro.o [1]
__READ_PRIMASK          0x0800161f         Code  Gb  cortexm3_macro.o [1]
__RESETFAULTMASK        0x08001625         Code  Gb  cortexm3_macro.o [1]
__RESETPRIMASK          0x08001617         Code  Gb  cortexm3_macro.o [1]
__REV_HalfWord          0x0800163f         Code  Gb  cortexm3_macro.o [1]
__REV_Word              0x08001643         Code  Gb  cortexm3_macro.o [1]
__SETFAULTMASK          0x08001629         Code  Gb  cortexm3_macro.o [1]
__SETPRIMASK            0x0800161b         Code  Gb  cortexm3_macro.o [1]
__SEV                   0x080015d5         Code  Gb  cortexm3_macro.o [1]
__SVC                   0x080015eb         Code  Gb  cortexm3_macro.o [1]
__WFE                   0x080015d1         Code  Gb  cortexm3_macro.o [1]
__WFI                   0x080015cd         Code  Gb  cortexm3_macro.o [1]
__cmain                 0x080016c1         Code  Gb  cmain.o [4]
__exit                  0x080016f5   0x14  Code  Gb  exit.o [5]
__iar_data_init3        0x08001689   0x28  Code  Gb  data_init.o [4]
__iar_program_start     0x08001709         Code  Gb  cstartup_M.o [4]
__iar_systems$$module {Abs}
                        0x00000001         Data  Gb  command line/config [2]
__iar_zero_init3        0x08001647   0x40  Code  Gb  zero_init3.o [4]
__low_level_init        0x080016df    0x4  Code  Gb  low_level_init.o [3]
__vector_table          0x08000000  0x130  Data  Gb  stm32f10x_vector.o [1]
_call_main              0x080016cd         Code  Gb  cmain.o [4]
_exit                   0x080016e9         Code  Gb  cexit.o [4]
_main                   0x080016db         Code  Gb  cmain.o [4]
adc1_buffer             0x20000040    0x2  Data  Gb  stm32f10x_it.o [1]
clear_screen            0x08000acd  0x12a  Code  Gb  lcd12864.o [1]
delay_ms                0x08000149   0x16  Code  Gb  main.o [1]
delay_us                0x08000131   0x16  Code  Gb  main.o [1]
exit                    0x080016e3    0x4  Code  Gb  exit.o [3]
flag                    0x20000039    0x1  Data  Gb  main.o [1]
lcd12864_gpio_init      0x08000bf9   0x9a  Code  Gb  lcd12864.o [1]
lcd12864_init           0x08000c93   0x34  Code  Gb  lcd12864.o [1]
main                    0x08000161  0x118  Code  Gb  main.o [1]
putstr                  0x08000307   0x28  Code  Gb  main.o [1]


[1] = C:\Users\DELL\Documents\CoretexSource\Source\DAC_1\EWARMv5\Debug\Obj
[2] = command line
[3] = dl7M_tlf.a
[4] = rt7M_tl.a
[5] = shb_l.a

   5 588 bytes of readonly  code memory
     320 bytes of readonly  data memory
  12 355 bytes of readwrite data memory

Errors: none
Warnings: none
